// Jest Snapshot v1, https://goo.gl/fbAQLP

exports[`theme snapshot is correct 1`] = `
Object {
  "colorBlue1": "#277a80",
  "colorBlue2": "#39617a",
  "colorBlue3": "#324E68",
  "colorDark1": "rgb(0, 0, 0)",
  "colorDark2": "rgb(30,30,30)",
  "colorDark3": "rgb(60,60,60)",
  "colorGreen1": "#81c341",
  "colorGreen2": "#6ab81c",
  "colorGreen3": "#659520",
  "colorLight1": "rgb(255, 255, 255)",
  "colorLight2": "rgb(245,245,245)",
  "colorLight3": "rgb(230,230,230)",
  "colorNeutral": "#999999",
  "colorOnDark1": "rgba(255, 255, 255, 0.9)",
  "colorOnDark2": "rgba(255, 255, 255, 0.6)",
  "colorOnDark3": "rgba(255, 255, 255, 0.3)",
  "colorOnLight1": "rgba(0, 0, 0, 0.8)",
  "colorOnLight2": "rgba(0, 0, 0, 0.5)",
  "colorOnLight3": "rgba(0, 0, 0, 0.2)",
  "colorOrange1": "#fcca56",
  "colorOrange2": "#fdb713",
  "colorOrange3": "#f1a700",
  "colorWarn1": "rgb(244, 67, 54)",
  "colorWarn2": "#d9534f",
  "colorWarn3": "#bf4343",
  "containerMaxWidth": "1080px",
  "fontFamily": "Agenda, Helvetica, sans-serif",
  "sidebarNavWidth": "244px",
  "topHeight": "4.5rem",
}
`;
